[ 13%] Built target amin_scatter
[ 18%] Built target procedural_tests
[ 22%] Built target group_spacing_tests
[ 27%] Built target brush_tests
[ 31%] Built target preview_sampling_tests
[ 36%] Built target threading_tests
[ 40%] Built target prepared_band_tests
[ 45%] Built target scatter_tests
[ 50%] Built target spacing_tests
[ 54%] Built target weight_tests
[ 59%] Built target orientation_tests
[ 63%] Built target edge_border_tests
[ 68%] Built target boundary_falloff_tests
[ 72%] Built target CyrusBrush
[ 77%] Built target CyrusBrushStorage
[ 79%] Building CXX object CMakeFiles/AminScatter.dir/src/rollout_flow.cpp.obj
rollout_flow.cpp
[ 81%] Linking CXX shared module AminScatter.dlx
[ 95%] Built target AminScatter
[100%] Built target CyrusScatterEdit
