[  2%] Building CXX object CMakeFiles/amin_scatter.dir/src/scatter.cpp.obj
scatter.cpp
[  4%] Building CXX object CMakeFiles/amin_scatter.dir/src/execution.cpp.obj
execution.cpp
[  6%] Building CXX object CMakeFiles/amin_scatter.dir/src/brush.cpp.obj
brush.cpp
[  9%] Building CXX object CMakeFiles/amin_scatter.dir/src/group_spacing.cpp.obj
group_spacing.cpp
[ 11%] Building CXX object CMakeFiles/amin_scatter.dir/src/procedural.cpp.obj
procedural.cpp
[ 13%] Linking CXX static library amin_scatter.lib
[ 13%] Built target amin_scatter
[ 15%] Building CXX object CMakeFiles/procedural_tests.dir/tests/procedural_tests.cpp.obj
procedural_tests.cpp
[ 18%] Linking CXX executable procedural_tests.exe
[ 18%] Built target procedural_tests
[ 20%] Building CXX object CMakeFiles/group_spacing_tests.dir/tests/group_spacing_tests.cpp.obj
group_spacing_tests.cpp
[ 22%] Linking CXX executable group_spacing_tests.exe
[ 22%] Built target group_spacing_tests
[ 25%] Building CXX object CMakeFiles/brush_tests.dir/tests/brush_tests.cpp.obj
brush_tests.cpp
[ 27%] Linking CXX executable brush_tests.exe
[ 27%] Built target brush_tests
[ 29%] Building CXX object CMakeFiles/preview_sampling_tests.dir/tests/preview_sampling_tests.cpp.obj
preview_sampling_tests.cpp
[ 31%] Linking CXX executable preview_sampling_tests.exe
[ 31%] Built target preview_sampling_tests
[ 34%] Building CXX object CMakeFiles/threading_tests.dir/tests/threading_tests.cpp.obj
threading_tests.cpp
[ 36%] Linking CXX executable threading_tests.exe
[ 36%] Built target threading_tests
[ 38%] Building CXX object CMakeFiles/prepared_band_tests.dir/tests/prepared_band_tests.cpp.obj
prepared_band_tests.cpp
[ 40%] Linking CXX executable prepared_band_tests.exe
[ 40%] Built target prepared_band_tests
[ 43%] Building CXX object CMakeFiles/scatter_tests.dir/tests/scatter_tests.cpp.obj
scatter_tests.cpp
[ 45%] Linking CXX executable scatter_tests.exe
[ 45%] Built target scatter_tests
[ 47%] Building CXX object CMakeFiles/spacing_tests.dir/tests/spacing_tests.cpp.obj
spacing_tests.cpp
[ 50%] Linking CXX executable spacing_tests.exe
[ 50%] Built target spacing_tests
[ 52%] Building CXX object CMakeFiles/weight_tests.dir/tests/weight_tests.cpp.obj
weight_tests.cpp
[ 54%] Linking CXX executable weight_tests.exe
[ 54%] Built target weight_tests
[ 56%] Building CXX object CMakeFiles/orientation_tests.dir/tests/orientation_tests.cpp.obj
orientation_tests.cpp
[ 59%] Linking CXX executable orientation_tests.exe
[ 59%] Built target orientation_tests
[ 61%] Building CXX object CMakeFiles/edge_border_tests.dir/tests/edge_border_tests.cpp.obj
edge_border_tests.cpp
[ 63%] Linking CXX executable edge_border_tests.exe
[ 63%] Built target edge_border_tests
[ 65%] Building CXX object CMakeFiles/boundary_falloff_tests.dir/tests/boundary_falloff_tests.cpp.obj
boundary_falloff_tests.cpp
[ 68%] Linking CXX executable boundary_falloff_tests.exe
[ 68%] Built target boundary_falloff_tests
[ 70%] Building CXX object CMakeFiles/CyrusBrush.dir/src/brush_host.cpp.obj
brush_host.cpp
[ 72%] Linking CXX shared module CyrusBrush.dlx
[ 72%] Built target CyrusBrush
[ 75%] Building CXX object CMakeFiles/CyrusBrushStorage.dir/src/brush_storage_plugin.cpp.obj
brush_storage_plugin.cpp
[ 77%] Linking CXX shared module CyrusBrushStorage.dlh
[ 77%] Built target CyrusBrushStorage
[ 79%] Building CXX object CMakeFiles/AminScatter.dir/src/max_bridge.cpp.obj
max_bridge.cpp
[ 81%] Building CXX object CMakeFiles/AminScatter.dir/src/preview.cpp.obj
preview.cpp
[ 84%] Building CXX object CMakeFiles/AminScatter.dir/src/point_display.cpp.obj
point_display.cpp
[ 86%] Building CXX object CMakeFiles/AminScatter.dir/src/cyrus_edit.cpp.obj
cyrus_edit.cpp
[ 88%] Building CXX object CMakeFiles/AminScatter.dir/src/rollout_scroll.cpp.obj
rollout_scroll.cpp
[ 90%] Building CXX object CMakeFiles/AminScatter.dir/src/rollout_flow.cpp.obj
rollout_flow.cpp
[ 93%] Building RC object CMakeFiles/AminScatter.dir/src/cyrus_edit.rc.res
Microsoft (R) Windows (R) Resource Compiler Version 10.0.10011.16384

Copyright (C) Microsoft Corporation.  All rights reserved.


[ 95%] Linking CXX shared module AminScatter.dlx
[ 95%] Built target AminScatter
[ 97%] Building CXX object CMakeFiles/CyrusScatterEdit.dir/src/edit_plugin.cpp.obj
edit_plugin.cpp
[100%] Linking CXX shared module CyrusScatterEdit.dlm
[100%] Built target CyrusScatterEdit
